[INFO] Starting D435i RGB-D camera for mapping
[INFO] color_profile=424x240x15
[INFO] depth_profile=424x240x15
[INFO] IMU enabled: false
[INFO] Do not run realsense-viewer or another rs_launch.py at the same time.
[INFO] For odometry stability, prefer higher FPS over very low FPS.
[INFO] [launch]: All log files can be found below /home/jetson/.ros/log/2026-04-18-01-19-01-408119-ubuntu-50113
[INFO] [launch]: Default logging verbosity is set to INFO
[INFO] [launch.user]: 🚀 Launching as Normal ROS Node
[INFO] [realsense2_camera_node-1]: process started with pid [50122]
[realsense2_camera_node-1] [0m[INFO] [1776442741.683856761] [camera.camera]: RealSense ROS v4.57.7[0m
[realsense2_camera_node-1] [0m[INFO] [1776442741.684075487] [camera.camera]: Built with LibRealSense v2.57.7[0m
[realsense2_camera_node-1] [0m[INFO] [1776442741.684118113] [camera.camera]: Running with LibRealSense v2.57.7[0m
[realsense2_camera_node-1]  18/04 01:19:01,685 ERROR [281472587852000] (context.cpp:41) No valid configuration file found at : /home/jetson/.realsense-config.json loading defaults
[realsense2_camera_node-1]  18/04 01:19:01,719 WARNING [281472587852000] (ds-motion-common.cpp:452) No HID info provided, IMU is disabled
[realsense2_camera_node-1]  18/04 01:19:01,719 ERROR [281472587852000] (d400-motion.cpp:185) Intel RealSense D435I #116622071600 - HID Motion Sensor Failure! bad optional access
[realsense2_camera_node-1] [0m[INFO] [1776442741.721034603] [camera.camera]: Device with serial number 116622071600 was found.
[realsense2_camera_node-1] [0m
[realsense2_camera_node-1] [0m[INFO] [1776442741.721179631] [camera.camera]: Device with physical ID /sys/devices/platform/bus@0/3610000.usb/usb2/2-1/2-1.4/2-1.4:1.0/video4linux/video0 was found.[0m
[realsense2_camera_node-1] [0m[INFO] [1776442741.721203215] [camera.camera]: Device with name Intel RealSense D435I was found.[0m
[realsense2_camera_node-1] [0m[INFO] [1776442741.721559034] [camera.camera]: Device with port number 2-1.4 was found.[0m
[realsense2_camera_node-1] [0m[INFO] [1776442741.721598235] [camera.camera]: Device USB type: 3.2[0m
[realsense2_camera_node-1] [0m[INFO] [1776442741.721743103] [camera.camera]: getParameters...[0m
[realsense2_camera_node-1] [33m[WARN] [1776442741.722306319] [camera.camera]: For the 'unite_imu_method' param update to take effect, re-enable either gyro or accel stream.[0m
[realsense2_camera_node-1] [0m[INFO] [1776442741.722372625] [camera.camera]: JSON file is not provided[0m
[realsense2_camera_node-1] [0m[INFO] [1776442741.722406578] [camera.camera]: Device Name: Intel RealSense D435I[0m
[realsense2_camera_node-1] [0m[INFO] [1776442741.722430707] [camera.camera]: Device Serial No: 116622071600[0m
[realsense2_camera_node-1] [0m[INFO] [1776442741.722452276] [camera.camera]: Device physical port: /sys/devices/platform/bus@0/3610000.usb/usb2/2-1/2-1.4/2-1.4:1.0/video4linux/video0[0m
[realsense2_camera_node-1] [0m[INFO] [1776442741.722474484] [camera.camera]: Device FW version: 5.17.0.10[0m
[realsense2_camera_node-1] [0m[INFO] [1776442741.722491061] [camera.camera]: Device Product ID: 0x0B3A[0m
[realsense2_camera_node-1] [0m[INFO] [1776442741.722505493] [camera.camera]: Sync Mode: On[0m
[realsense2_camera_node-1] [33m[WARN] [1776442741.891662538] [camera.camera]: re-enable the stream for the change to take effect.[0m
[realsense2_camera_node-1] [0m[INFO] [1776442741.892932686] [camera.camera]: Set ROS param depth_module.infra_profile to default: 848x480x30[0m
[realsense2_camera_node-1] [33m[WARN] [1776442741.898851097] [camera.camera]: Could not set param: rgb_camera.power_line_frequency with 3 Range: [0, 2]: parameter 'rgb_camera.power_line_frequency' could not be set: Parameter {rgb_camera.power_line_frequency} doesn't comply with integer range.[0m
[realsense2_camera_node-1] [33m[WARN] [1776442741.910380710] [camera.camera]: re-enable the stream for the change to take effect.[0m
[realsense2_camera_node-1] [0m[INFO] [1776442741.920493194] [camera.camera]: Stopping Sensor: Depth Module[0m
[realsense2_camera_node-1] [0m[INFO] [1776442741.921045850] [camera.camera]: Stopping Sensor: RGB Camera[0m
[realsense2_camera_node-1] [0m[INFO] [1776442741.935345239] [camera.camera]: Starting Sensor: Depth Module[0m
[realsense2_camera_node-1] [0m[INFO] [1776442741.946548058] [camera.camera]: Open profile: stream_type: Depth(0), Format: Z16, Width: 424, Height: 240, FPS: 15[0m
[realsense2_camera_node-1] [0m[INFO] [1776442741.975847656] [camera.camera]: Starting Sensor: RGB Camera[0m
[realsense2_camera_node-1] [0m[INFO] [1776442741.985266072] [camera.camera]: Open profile: stream_type: Color(0), Format: RGB8, Width: 424, Height: 240, FPS: 15[0m
[realsense2_camera_node-1] [0m[INFO] [1776442742.006040112] [camera.camera]: RealSense Node Is Up![0m
